[dotenv@17.3.1] injecting env (4) from .env -- tip: ≡ƒñû agentic secret storage: https://dotenvx.com/as2
Token: apify_api_OO1y2Pf5Rd...

--- REDDIT ---

--- TWITTER ---

--- TIKTOK ---

--- FACEBOOK ---

--- INSTAGRAM ---
Error: You must rent a paid Actor in order to run it after its free trial has expired. To rent this Actor, go to https://console.apify.com/actors/FgJtjDwJCLhRH9saM
Trying alternative Reddit actor...
Error: By launching this job you will exceed the memory limit of 8192MB for all your Actor runs and builds (currently used: 5120MB, requested: 4096MB). Please consider an upgrade to a paid plan at https://console.apify.com/billing/subscription to increase your Actor memory limit.
Alt also failed: Actor with this name was not found
[36minstagram-hashtag-scraper runId:OVB73qXZgJY7UVwyJ -> [39m2026-03-01T03:44:13.257Z ACTOR: Pulling container image of build 15iXp8hy9Cny4dCnz from registry.
[36minstagram-hashtag-scraper runId:OVB73qXZgJY7UVwyJ -> [39m2026-03-01T03:44:13.259Z ACTOR: Creating container.
[36minstagram-hashtag-scraper runId:OVB73qXZgJY7UVwyJ -> [39m2026-03-01T03:44:13.478Z ACTOR: Starting container.
[36minstagram-hashtag-scraper runId:OVB73qXZgJY7UVwyJ -> [39m2026-03-01T03:44:13.479Z ACTOR: Running under "LIMITED_PERMISSIONS" permission level.
[36mtiktok-scraper runId:Rj6KAw4wuQNH3BF0d -> [39m2026-03-01T03:44:13.251Z ACTOR: Pulling container image of build e3JiLt6Apt8asIQmA from registry.
[36mtiktok-scraper runId:Rj6KAw4wuQNH3BF0d -> [39m2026-03-01T03:44:13.255Z ACTOR: Creating container.
[36mtiktok-scraper runId:Rj6KAw4wuQNH3BF0d -> [39m2026-03-01T03:44:13.479Z ACTOR: Starting container.
[36mtiktok-scraper runId:Rj6KAw4wuQNH3BF0d -> [39m2026-03-01T03:44:13.480Z ACTOR: Running under "LIMITED_PERMISSIONS" permission level.
[36mtiktok-scraper runId:Rj6KAw4wuQNH3BF0d -> [39m2026-03-01T03:44:13.705Z Will run command: xvfb-run -a -s "-ac -screen 0 1920x1080x24+32 -nolisten tcp" /bin/bash -o pipefail -c bash -c "    java         --enable-native-access=ALL-UNNAMED         -cp classes-test:classes-main:lib/*         com.zhiliaoapp.musically.MetaSec         > /dev/null &     node dist/entrypoint.js "
[36mtweet-scraper runId:BphvJzOuFRhlivI3K -> [39m2026-03-01T03:44:13.257Z ACTOR: Pulling container image of build AQoZAaiAWPjAG7THV from registry.
[36mtweet-scraper runId:BphvJzOuFRhlivI3K -> [39m2026-03-01T03:44:13.259Z ACTOR: Creating container.
[36mtweet-scraper runId:BphvJzOuFRhlivI3K -> [39m2026-03-01T03:44:13.299Z ACTOR: Starting container.
[36minstagram-hashtag-scraper runId:OVB73qXZgJY7UVwyJ -> [39m2026-03-01T03:44:14.244Z [32mINFO[39m  System info[90m {"apifyVersion":"3.6.0","apifyClientVersion":"2.22.2","crawleeVersion":"3.16.0","osType":"Linux","nodeVersion":"v22.22.0"}[39m
[36minstagram-hashtag-scraper runId:OVB73qXZgJY7UVwyJ -> [39m2026-03-01T03:44:14.401Z [32mINFO[39m  Results Limit [object Object], ACTOR_MAX_PAID_DATASET_ITEMS
[36minstagram-hashtag-scraper runId:OVB73qXZgJY7UVwyJ -> [39m2026-03-01T03:44:14.405Z [32mINFO[39m  [Status message]: Starting the scraper with 1 direct URL(s)
[36mtiktok-scraper runId:Rj6KAw4wuQNH3BF0d -> [39m2026-03-01T03:44:14.506Z [32mINFO[39m  System info[90m {"apifyVersion":"3.5.2","apifyClientVersion":"2.22.0","crawleeVersion":"3.15.3","osType":"Linux","nodeVersion":"v22.22.0"}[39m
[36minstagram-hashtag-scraper runId:OVB73qXZgJY7UVwyJ -> [39m2026-03-01T03:44:14.532Z [32mINFO[39m [33m CheerioCrawler:[39m Starting the crawler.
[36mtweet-scraper runId:BphvJzOuFRhlivI3K -> [39m2026-03-01T03:44:14.755Z [32mINFO[39m  System info[90m {"apifyVersion":"3.4.2","apifyClientVersion":"2.12.4","crawleeVersion":"3.13.5","osType":"Linux","nodeVersion":"v22.22.0"}[39m
[36mtweet-scraper runId:BphvJzOuFRhlivI3K -> [39m2026-03-01T03:44:14.793Z [32mINFO[39m  PHASE -- STARTING ACTOR.
[36mtweet-scraper runId:BphvJzOuFRhlivI3K -> [39m2026-03-01T03:44:15.163Z [32mINFO[39m  [Status message]:
[36mtweet-scraper runId:BphvJzOuFRhlivI3K -> [39m2026-03-01T03:44:15.165Z
[36mtweet-scraper runId:BphvJzOuFRhlivI3K -> [39m2026-03-01T03:44:15.167Z You cannot use the API with the Free Plan.
[36minstagram-hashtag-scraper runId:OVB73qXZgJY7UVwyJ -> [39m2026-03-01T03:44:15.169Z [32mINFO[39m  Scraped 5 results. 27/5 for https://www.instagram.com/explore/tags/printondemand
[36minstagram-hashtag-scraper runId:OVB73qXZgJY7UVwyJ -> [39m2026-03-01T03:44:15.170Z [32mINFO[39m  Hashtag scraper is limited to one page for free users, finishing https://www.instagram.com/explore/tags/printondemand
[36mtweet-scraper runId:BphvJzOuFRhlivI3K -> [39m2026-03-01T03:44:15.169Z Please subscribe to a paid plan on Apify.
[36mtweet-scraper runId:BphvJzOuFRhlivI3K -> [39m2026-03-01T03:44:15.171Z Link: https://apify.com/pricing?fpr=yhdrb
[36mtweet-scraper runId:BphvJzOuFRhlivI3K -> [39m2026-03-01T03:44:15.173Z
[36mtweet-scraper runId:BphvJzOuFRhlivI3K -> [39m2026-03-01T03:44:15.202Z [31mERROR[39m
[36mtweet-scraper runId:BphvJzOuFRhlivI3K -> [39m2026-03-01T03:44:15.204Z
[36mtweet-scraper runId:BphvJzOuFRhlivI3K -> [39m2026-03-01T03:44:15.206Z You cannot use the API with the Free Plan.
[36mtweet-scraper runId:BphvJzOuFRhlivI3K -> [39m2026-03-01T03:44:15.208Z Please subscribe to a paid plan on Apify.
[36mtiktok-scraper runId:Rj6KAw4wuQNH3BF0d -> [39m2026-03-01T03:44:15.212Z [32mINFO[39m [33m CheerioCrawler:[39m Starting the crawler.
[36minstagram-hashtag-scraper runId:OVB73qXZgJY7UVwyJ -> [39m2026-03-01T03:44:15.247Z [32mINFO[39m [33m CheerioCrawler:[39m All requests from the queue have been processed, the crawler will shut down.
[36minstagram-hashtag-scraper runId:OVB73qXZgJY7UVwyJ -> [39m2026-03-01T03:44:15.312Z [32mINFO[39m [33m CheerioCrawler:[39m Final request statistics:[90m {"requestsFinished":1,"requestsFailed":0,"retryHistogram":[1],"requestAvgFailedDurationMillis":null,"requestAvgFinishedDurationMillis":626,"requestsFinishedPerMinute":67,"requestsFailedPerMinute":0,"requestTotalDurationMillis":626,"requestsTotal":1,"crawlerRuntimeMillis":901}[39m
[36minstagram-hashtag-scraper runId:OVB73qXZgJY7UVwyJ -> [39m2026-03-01T03:44:15.313Z [32mINFO[39m [33m CheerioCrawler:[39m Finished! Total 1 requests: 1 succeeded, 0 failed.[90m {"terminal":true}[39m
[36minstagram-hashtag-scraper runId:OVB73qXZgJY7UVwyJ -> [39m2026-03-01T03:44:15.313Z [32mINFO[39m  [Status message]: Scraper finished
[36mtweet-scraper runId:BphvJzOuFRhlivI3K -> [39m2026-03-01T03:44:15.210Z Link: https://apify.com/pricing?fpr=yhdrb
[36mtweet-scraper runId:BphvJzOuFRhlivI3K -> [39m2026-03-01T03:44:15.212Z
[36mtweet-scraper runId:BphvJzOuFRhlivI3K -> [39m2026-03-01T03:44:15.249Z [32mINFO[39m  [Status message]:
[36mtweet-scraper runId:BphvJzOuFRhlivI3K -> [39m2026-03-01T03:44:15.251Z
[36mtweet-scraper runId:BphvJzOuFRhlivI3K -> [39m2026-03-01T03:44:15.253Z Your run has finished.
[36mtweet-scraper runId:BphvJzOuFRhlivI3K -> [39m2026-03-01T03:44:15.255Z Please subscribe to a paid plan on Apify for the best experience.
[36mtweet-scraper runId:BphvJzOuFRhlivI3K -> [39m2026-03-01T03:44:15.257Z Link: https://apify.com/pricing?fpr=yhdrb
[36mtweet-scraper runId:BphvJzOuFRhlivI3K -> [39m2026-03-01T03:44:15.259Z
Run status: SUCCEEDED
Run status: SUCCEEDED
IG posts found: 5
Keys: inputUrl, id, type, shortCode, caption, hashtags, mentions, url, commentsCount, firstComment, latestComments, dimensionsHeight, dimensionsWidth, displayUrl, images, likesCount, timestamp, childPosts, locationName, locationId, ownerFullName, ownerUsername, ownerId, productType, musicInfo
Sample caption: Fun canvas tote bags ≡ƒÆû

For orders and other details, feel free to message us! ≡ƒÆò

Also available in Shopee, Lazada and Tiktok shop ≡ƒ¢ì
Shop name : pr
Tweets found: 10
Keys: noResults
Sample text: 
[36mtiktok-scraper runId:Rj6KAw4wuQNH3BF0d -> [39m2026-03-01T03:44:18.550Z [32mINFO[39m  [SEARCH_VIDEOS] Scraped 12 videos (page #0)--- https://www.tiktok.com/search?q=print%20on%20demand
[36mtiktok-scraper runId:Rj6KAw4wuQNH3BF0d -> [39m2026-03-01T03:44:18.552Z [32mINFO[39m  [SEARCH_VIDEOS] No more videos to scrape. --- https://www.tiktok.com/search?q=print%20on%20demand
[36mtiktok-scraper runId:Rj6KAw4wuQNH3BF0d -> [39m2026-03-01T03:44:18.629Z [32mINFO[39m [33m CheerioCrawler:[39m All requests from the queue have been processed, the crawler will shut down.
[36mtiktok-scraper runId:Rj6KAw4wuQNH3BF0d -> [39m2026-03-01T03:44:18.803Z [32mINFO[39m [33m CheerioCrawler:[39m Final request statistics:[90m {"requestsFinished":1,"requestsFailed":0,"retryHistogram":[1],"requestAvgFailedDurationMillis":null,"requestAvgFinishedDurationMillis":3328,"requestsFinishedPerMinute":16,"requestsFailedPerMinute":0,"requestTotalDurationMillis":3328,"requestsTotal":1,"crawlerRuntimeMillis":3709}[39m
[36mtiktok-scraper runId:Rj6KAw4wuQNH3BF0d -> [39m2026-03-01T03:44:18.804Z [32mINFO[39m [33m CheerioCrawler:[39m Finished! Total 1 requests: 1 succeeded, 0 failed.[90m {"terminal":true}[39m
[36mtiktok-scraper runId:Rj6KAw4wuQNH3BF0d -> [39m2026-03-01T03:44:18.806Z [32mINFO[39m  [Status message]: Scraped 1/1 search queries
[36mtiktok-scraper runId:Rj6KAw4wuQNH3BF0d -> [39m2026-03-01T03:44:18.955Z [32mINFO[39m  [Status message]: Scraped 1/1 search queries
Run status: SUCCEEDED
TikToks found: 5
Keys: id, text, textLanguage, createTime, createTimeISO, isAd, authorMeta, musicMeta, webVideoUrl, videoMeta, diggCount, shareCount, playCount, collectCount, commentCount, repostCount, mentions, detailedMentions, hashtags, effectStickers, isSlideshow, isPinned, mediaUrls, searchQuery, commentsDatasetUrl
Sample desc: How to make money online from your iPad doing print on demand! ≡ƒÆû

#printondemand #sidehustles #digitalproducts #onlinebusinessforbeginners #makemoney

Γ£à All tests complete
